*****************************************************************
              SolidWorks Corporation - IGES Report
*****************************************************************
=================================================================
General Information
=================================================================
Sending System Product I.D.  : PIÈCE2.SLDPRT
Receiving System Product I.D.: PIÈCE2.SLDPRT
Sending File Name            : F:\kholle info assemblage\piece2.IGS
System I.D.                  : SolidWorks 2004 by SolidWorks Corporation
Preprocessor Version         : Version 5.3
File Creation Date           : 050228.103208
Model Creation Date          : 
Units                        : MM
Model Space Scale            : 1.000000
Author                       : LEGRE
Organization                 : 


=================================================================
Entity Processing Information
=================================================================


=================================================================
Analyse de précision d'un fichier IGES:
=================================================================
  Nombre le plus répandu de chiffres significatifs:              11
  Nombre le plus grand de chiffres significatifs:                     12
  Nombre moyen de chiffres significatifs :                8.45361
  Distance maximale jusqu'à l'origine:                          1376.18
  Distance minimale jusqu'à l'origine:                          15.4874
  Nombre effectif de chiffres significatifs:              11.9902


=================================================================
Entity Summary
=================================================================
-----------------------------------------------------------------
Type Name                                         Count Converted
---- ----                                         ----- ---------
100  Arc                                             16        16
102  Composite curve                                 32        32
110  Line                                            52        52
120  Surface of revolution                            6         6
124  Transformation matrix                           14        14
126  Rational B-spline curve                         88        88
128  Rational B-spline surface                        6         6
142  Curve on a parametric surface                   16        16
144  Trimmed parametric surface                      12        12
314  Color definition                                 1         1
_________________________________________________________________


=================================================================
Import Options
=================================================================
Include surface/solid entities: YES
-Try forming solid(s): YES
Include free point/curve entities: NO


=================================================================
Result Summary
=================================================================
SolidWorks Feature Type                Count
-----------------------                -----
Solid Feature(s)                           1
Surface Feature(s)                         0
Curve/Sketch Feature(s)                    0
--------------------------------------------
Start Time: lundi, février 28, 2005 10:35:39
Finish Time: lundi, février 28, 2005 10:35:39
Total Processing Time: 0 days, 00 hours, 00 mins, 00 secs
